I couldn't find any accessible information on 'why did the indus valley civilization disappear'.